Copyright (c) 1992-2013 The FreeBSD Project.
Copyright (c) 1979, 1980, 1983, 1986, 1988, 1989, 1991, 1992, 1993, 1994
	The Regents of the University of California. All rights reserved.
FreeBSD is a registered trademark of The FreeBSD Foundation.
FreeBSD 9.2-RELEASE #0 r+2315ea3: Fri Dec 20 12:48:50 PST 2013
    root@build.ixsystems.com:/tank/home/jkh/checkout/freenas/os-base/amd64/tank/home/jkh/checkout/freenas/FreeBSD/src/sys/FREENAS.amd64 amd64
gcc version 4.2.1 20070831 patched [FreeBSD]
CPU: AMD Athlon(tm) II Neo N36L Dual-Core Processor (1297.92-MHz K8-class CPU)
  Origin = "AuthenticAMD"  Id = 0x100f63  Family = 0x10  Model = 0x6  Stepping = 3
  Features=0x178bfbff<FPU,VME,DE,PSE,TSC,MSR,PAE,MCE,CX8,APIC,SEP,MTRR,PGE,MCA,CMOV,PAT,PSE36,CLFLUSH,MMX,FXSR,SSE,SSE2,HTT>
  Features2=0x802009<SSE3,MON,CX16,POPCNT>
  AMD Features=0xee500800<SYSCALL,NX,MMX+,FFXSR,Page1GB,RDTSCP,LM,3DNow!+,3DNow!>
  AMD Features2=0x8377f<LAHF,CMP,SVM,ExtAPIC,CR8,ABM,SSE4A,Prefetch,OSVW,IBS,SKINIT,WDT,NodeId>
  TSC: P-state invariant
real memory  = 8589934592 (8192 MB)
avail memory = 7975403520 (7605 MB)
Event timer "LAPIC" quality 400
ACPI APIC Table: <HP     ProLiant>
FreeBSD/SMP: Multiprocessor System Detected: 2 CPUs
FreeBSD/SMP: 1 package(s) x 2 core(s)
 cpu0 (BSP): APIC ID:  0
 cpu1 (AP): APIC ID:  1
WARNING: VIMAGE (virtualized network stack) is a highly experimental feature.
ioapic0 <Version 2.1> irqs 0-23 on motherboard
kbd1 at kbdmux0
cryptosoft0: <software crypto> on motherboard
aesni0: No AESNI support.
padlock0: No ACE support.
acpi0: <HP ProLiant> on motherboard
acpi0: Power Button (fixed)
acpi0: reservation of fee00000, 1000 (3) failed
acpi0: reservation of ffb80000, 80000 (3) failed
acpi0: reservation of fec10000, 20 (3) failed
acpi0: reservation of fed80000, 1000 (3) failed
acpi0: reservation of 0, a0000 (3) failed
acpi0: reservation of 100000, bff00000 (3) failed
cpu0: <ACPI CPU> on acpi0
cpu1: <ACPI CPU> on acpi0
attimer0: <AT timer> port 0x40-0x43 irq 0 on acpi0
Timecounter "i8254" frequency 1193182 Hz quality 0
Event timer "i8254" frequency 1193182 Hz quality 100
atrtc0: <AT realtime clock> port 0x70-0x71 irq 8 on acpi0
Event timer "RTC" frequency 32768 Hz quality 0
hpet0: <High Precision Event Timer> iomem 0xfed00000-0xfed003ff on acpi0
Timecounter "HPET" frequency 14318180 Hz quality 950
Event timer "HPET" frequency 14318180 Hz quality 550
Event timer "HPET1" frequency 14318180 Hz quality 450
Timecounter "ACPI-fast" frequency 3579545 Hz quality 900
acpi_timer0: <32-bit timer at 3.579545MHz> port 0x808-0x80b on acpi0
pcib0: <ACPI Host-PCI bridge> port 0xcf8-0xcff on acpi0
pci0: <ACPI PCI bus> on pcib0
pcib1: <ACPI PCI-PCI bridge> at device 1.0 on pci0
pci1: <ACPI PCI bus> on pcib1
vgapci0: <VGA-compatible display> port 0xe000-0xe0ff mem 0xd0000000-0xdfffffff,0xfe8f0000-0xfe8fffff,0xfe700000-0xfe7fffff irq 18 at device 5.0 on pci1
pcib2: <ACPI PCI-PCI bridge> irq 18 at device 6.0 on pci0
pci2: <ACPI PCI bus> on pcib2
bge0: <HP NC107i PCIe Gigabit Server Adapter, ASIC rev. 0x5784100> mem 0xfe9f0000-0xfe9fffff irq 18 at device 0.0 on pci2
bge0: CHIP ID 0x05784100; ASIC REV 0x5784; CHIP REV 0x57841; PCI-E
miibus0: <MII bus> on bge0
brgphy0: <BCM5784 10/100/1000baseT PHY> PHY 1 on miibus0
brgphy0:  10baseT, 10baseT-FDX, 100baseTX, 100baseTX-FDX, 1000baseT, 1000baseT-master, 1000baseT-FDX, 1000baseT-FDX-master, auto, auto-flow
bge0: Ethernet address: 3c:4a:92:74:4a:81
ahci0: <ATI IXP700 AHCI SATA controller> port 0xd000-0xd007,0xc000-0xc003,0xb000-0xb007,0xa000-0xa003,0x9000-0x900f mem 0xfe6ffc00-0xfe6fffff irq 19 at device 17.0 on pci0
ahci0: AHCI v1.20 with 4 3Gbps ports, Port Multiplier supported
ahcich0: <AHCI channel> at channel 0 on ahci0
ahcich1: <AHCI channel> at channel 1 on ahci0
ahcich2: <AHCI channel> at channel 2 on ahci0
ahcich3: <AHCI channel> at channel 3 on ahci0
ohci0: <AMD SB7x0/SB8x0/SB9x0 USB controller> mem 0xfe6fe000-0xfe6fefff irq 18 at device 18.0 on pci0
usbus0 on ohci0
ehci0: <AMD SB7x0/SB8x0/SB9x0 USB 2.0 controller> mem 0xfe6ff800-0xfe6ff8ff irq 17 at device 18.2 on pci0
usbus1: EHCI version 1.0
usbus1 on ehci0
ohci1: <AMD SB7x0/SB8x0/SB9x0 USB controller> mem 0xfe6fd000-0xfe6fdfff irq 18 at device 19.0 on pci0
usbus2 on ohci1
ehci1: <AMD SB7x0/SB8x0/SB9x0 USB 2.0 controller> mem 0xfe6ff400-0xfe6ff4ff irq 17 at device 19.2 on pci0
usbus3: EHCI version 1.0
usbus3 on ehci1
pci0: <serial bus, SMBus> at device 20.0 (no driver attached)
atapci0: <ATI IXP700/800 UDMA133 controller> port 0x1f0-0x1f7,0x3f6,0x170-0x177,0x376,0xff00-0xff0f at device 20.1 on pci0
ata0: <ATA channel> at channel 0 on atapci0
ata1: <ATA channel> at channel 1 on atapci0
isab0: <PCI-ISA bridge> at device 20.3 on pci0
isa0: <ISA bus> on isab0
pcib3: <ACPI PCI-PCI bridge> at device 20.4 on pci0
pci3: <ACPI PCI bus> on pcib3
ohci2: <AMD SB7x0/SB8x0/SB9x0 USB controller> mem 0xfe6fc000-0xfe6fcfff irq 18 at device 22.0 on pci0
usbus4 on ohci2
ehci2: <AMD SB7x0/SB8x0/SB9x0 USB 2.0 controller> mem 0xfe6ff000-0xfe6ff0ff irq 17 at device 22.2 on pci0
usbus5: EHCI version 1.0
usbus5 on ehci2
amdtemp0: <AMD CPU On-Die Thermal Sensors> on hostb4
acpi_button0: <Power Button> on acpi0
amdsbwd0: <AMD SB8xx Watchdog Timer> at iomem 0xfec000f0-0xfec000f3,0xfec000f4-0xfec000f7 on isa0
sc0: <System console> at flags 0x100 on isa0
sc0: VGA <16 virtual consoles, flags=0x300>
vga0: <Generic ISA VGA> at port 0x3c0-0x3df iomem 0xa0000-0xbffff on isa0
ppc0: cannot reserve I/O port range
wbwd0: HEFRAS and EFER do not align: EFER 0x2e DevID 0xff DevRev 0xff CR26 0xff
acpi_throttle0: <ACPI CPU Throttling> on cpu0
hwpstate0: <Cool`n'Quiet 2.0> on cpu0
Timecounters tick every 1.000 msec
ipfw2 (+ipv6) initialized, divert enabled, nat enabled, default to accept, logging disabled
DUMMYNET 0xfffffe00028dd300 with IPv6 initialized (100409)
load_dn_sched dn_sched QFQ loaded
load_dn_sched dn_sched RR loaded
load_dn_sched dn_sched WF2Q+ loaded
load_dn_sched dn_sched FIFO loaded
load_dn_sched dn_sched PRIO loaded
usbus0: 12Mbps Full Speed USB v1.0
usbus1: 480Mbps High Speed USB v2.0
usbus2: 12Mbps Full Speed USB v1.0
usbus3: 480Mbps High Speed USB v2.0
usbus4: 12Mbps Full Speed USB v1.0
usbus5: 480Mbps High Speed USB v2.0
ugen0.1: <ATI> at usbus0
uhub0: <ATI OHCI root HUB, class 9/0, rev 1.00/1.00, addr 1> on usbus0
ugen5.1: <ATI> at usbus5
uhub1: <ATI EHCI root HUB, class 9/0, rev 2.00/1.00, addr 1> on usbus5
ugen4.1: <ATI> at usbus4
uhub2: <ATI OHCI root HUB, class 9/0, rev 1.00/1.00, addr 1> on usbus4
ugen3.1: <ATI> at usbus3
uhub3: <ATI EHCI root HUB, class 9/0, rev 2.00/1.00, addr 1> on usbus3
ugen2.1: <ATI> at usbus2
uhub4: <ATI OHCI root HUB, class 9/0, rev 1.00/1.00, addr 1> on usbus2
ugen1.1: <ATI> at usbus1
uhub5: <ATI EHCI root HUB, class 9/0, rev 2.00/1.00, addr 1> on usbus1
uhub2: 4 ports with 4 removable, self powered
uhub0: 5 ports with 5 removable, self powered
uhub4: 5 ports with 5 removable, self powered
uhub1: 4 ports with 4 removable, self powered
uhub3: 5 ports with 5 removable, self powered
uhub5: 5 ports with 5 removable, self powered
ugen3.2: <Generic> at usbus3
umass0: <Generic Mass Storage Device, class 0/0, rev 2.00/2.00, addr 2> on usbus3
ada0 at ahcich0 bus 0 scbus0 target 0 lun 0
ada0: <WDC WD20EARS-00MVWB0 51.0AB51> ATA-8 SATA 2.x device
ada0: 300.000MB/s transfers (SATA 2.x, UDMA6, PIO 8192bytes)
ada0: Command Queueing enabled
ada0: 1907729MB (3907029168 512 byte sectors: 16H 63S/T 16383C)
ada0: quirks=0x1<4K>
ada0: Previously was known as ad4
ada1 at ahcich1 bus 0 scbus1 target 0 lun 0
ada1: <WDC WD20EARS-00MVWB0 51.0AB51> ATA-8 SATA 2.x device
ada1: 300.000MB/s transfers (SATA 2.x, UDMA6, PIO 8192bytes)
ada1: Command Queueing enabled
ada1: 1907729MB (3907029168 512 byte sectors: 16H 63S/T 16383C)
ada1: quirks=0x1<4K>
ada1: Previously was known as ad6
ada2 at ahcich2 bus 0 scbus2 target 0 lun 0
ada2: <WDC WD20EARS-00MVWB0 51.0AB51> ATA-8 SATA 2.x device
ada2: 300.000MB/s transfers (SATA 2.x, UDMA6, PIO 8192bytes)
ada2: Command Queueing enabled
ada2: 1907729MB (3907029168 512 byte sectors: 16H 63S/T 16383C)
ada2: quirks=0x1<4K>
ada2: Previously was known as ad8
ada3 at ahcich3 bus 0 scbus3 target 0 lun 0
ada3: <ST4000DM000-1F2168 CC52> ATA-8 SATA 3.x device
ada3: 300.000MB/s transfers (SATA 2.x, UDMA6, PIO 8192bytes)
ada3: Command Queueing enabled
ada3: 3815447MB (7814037168 512 byte sectors: 16H 63S/T 16383C)
ada3: quirks=0x1<4K>
ada3: Previously was known as ad10
da0 at umass-sim0 bus 0 scbus7 target 0 lun 0
da0: <USB Mass Storage Device \134001\134000\134000?> Removable Direct Access SCSI-0 device
SMP: AP CPU #1 Launched!
da0: 40.000MB/s transfers
da0: 3759MB (7698432 512 byte sectors: 255H 63S/T 479C)
da0: quirks=0x2<NO_6_BYTE>
Timecounter "TSC" frequency 1297916272 Hz quality 800
Trying to mount root from ufs:/dev/ufs/FreeNASs2a [ro]...
WARNING: /data was not properly dismounted
GEOM_RAID5: Module loaded, version 1.1.20130907.44 (rev 5c6d2a159411)
ZFS filesystem version: 5
ZFS storage pool version: features support (5000)
GEOM_ELI: Device ada1p1.eli created.
GEOM_ELI: Encryption: AES-XTS 256
GEOM_ELI:     Crypto: software
GEOM_ELI: Device ada2p1.eli created.
GEOM_ELI: Encryption: AES-XTS 256
GEOM_ELI:     Crypto: software
GEOM_ELI: Device ada0p1.eli created.
GEOM_ELI: Encryption: AES-XTS 256
GEOM_ELI:     Crypto: software
bridge0: Ethernet address: 02:3f:2e:eb:26:00
bridge0: link state changed to UP
bge0: promiscuous mode enabled
epair0a: Ethernet address: 02:9b:d2:00:0b:0a
epair0b: Ethernet address: 02:9b:d2:00:0c:0b
epair0a: link state changed to UP
epair0b: link state changed to UP
epair0a: promiscuous mode enabled
epair1a: Ethernet address: 02:9b:7c:00:0c:0a
epair1b: Ethernet address: 02:9b:7c:00:0d:0b
epair1a: link state changed to UP
epair1b: link state changed to UP
epair1a: promiscuous mode enabled
GEOM_ELI: Device ada1p1.eli destroyed.
GEOM_ELI: Detached ada1p1.eli on last close.
GEOM_ELI: Device ada2p1.eli destroyed.
GEOM_ELI: Detached ada2p1.eli on last close.
GEOM_ELI: Device ada0p1.eli destroyed.
GEOM_ELI: Detached ada0p1.eli on last close.
GEOM_ELI: Device ada1p1.eli created.
GEOM_ELI: Encryption: AES-XTS 256
GEOM_ELI:     Crypto: software
GEOM_ELI: Device ada2p1.eli created.
GEOM_ELI: Encryption: AES-XTS 256
GEOM_ELI:     Crypto: software
GEOM_ELI: Device ada0p1.eli created.
GEOM_ELI: Encryption: AES-XTS 256
GEOM_ELI:     Crypto: software
GEOM_ELI: Device ada3p1.eli created.
GEOM_ELI: Encryption: AES-XTS 256
GEOM_ELI:     Crypto: software