Copyright (c) 1992-2011 The FreeBSD Project.
Copyright (c) 1979, 1980, 1983, 1986, 1988, 1989, 1991, 1992, 1993, 1994
	The Regents of the University of California. All rights reserved.
FreeBSD is a registered trademark of The FreeBSD Foundation.
FreeBSD 8.2-RELEASE-p9 #0: Thu Jul 19 12:39:10 PDT 2012
    root@build.ixsystems.com:/build/home/jpaetzel/8.2.0/os-base/amd64/build/home/jpaetzel/8.2.0/FreeBSD/src/sys/FREENAS.amd64 amd64
Timecounter "i8254" frequency 1193182 Hz quality 0
CPU: AMD Athlon(tm) II Neo N36L Dual-Core Processor (1297.85-MHz K8-class CPU)
  Origin = "AuthenticAMD"  Id = 0x100f63  Family = 10  Model = 6  Stepping = 3
  Features=0x178bfbff<FPU,VME,DE,PSE,TSC,MSR,PAE,MCE,CX8,APIC,SEP,MTRR,PGE,MCA,CMOV,PAT,PSE36,CLFLUSH,MMX,FXSR,SSE,SSE2,HTT>
  Features2=0x802009<SSE3,MON,CX16,POPCNT>
  AMD Features=0xee500800<SYSCALL,NX,MMX+,FFXSR,Page1GB,RDTSCP,LM,3DNow!+,3DNow!>
  AMD Features2=0x8377f<LAHF,CMP,SVM,ExtAPIC,CR8,ABM,SSE4A,Prefetch,OSVW,IBS,SKINIT,WDT,<b19>>
  TSC: P-state invariant
real memory  = 4294967296 (4096 MB)
avail memory = 3834150912 (3656 MB)
ACPI APIC Table: <HP     ProLiant>
FreeBSD/SMP: Multiprocessor System Detected: 2 CPUs
FreeBSD/SMP: 1 package(s) x 2 core(s)
 cpu0 (BSP): APIC ID:  0
 cpu1 (AP): APIC ID:  1
WARNING: VIMAGE (virtualized network stack) is a highly experimental feature.
ioapic0 <Version 2.1> irqs 0-23 on motherboard
kbd1 at kbdmux0
cryptosoft0: <software crypto> on motherboard
acpi0: <HP ProLiant> on motherboard
acpi0: [ITHREAD]
acpi0: Power Button (fixed)
acpi0: reservation of fee00000, 1000 (3) failed
acpi0: reservation of ffb80000, 80000 (3) failed
acpi0: reservation of fec10000, 20 (3) failed
acpi0: reservation of fed80000, 1000 (3) failed
acpi0: reservation of 0, a0000 (3) failed
acpi0: reservation of 100000, bff00000 (3) failed
Timecounter "ACPI-safe" frequency 3579545 Hz quality 850
acpi_timer0: <32-bit timer at 3.579545MHz> port 0x808-0x80b on acpi0
cpu0: <ACPI CPU> on acpi0
cpu1: <ACPI CPU> on acpi0
acpi_hpet0: <High Precision Event Timer> iomem 0xfed00000-0xfed003ff on acpi0
Timecounter "HPET" frequency 14318180 Hz quality 900
pcib0: <ACPI Host-PCI bridge> port 0xcf8-0xcff on acpi0
pci0: <ACPI PCI bus> on pcib0
pcib1: <ACPI PCI-PCI bridge> at device 1.0 on pci0
pci1: <ACPI PCI bus> on pcib1
vgapci0: <VGA-compatible display> port 0xe000-0xe0ff mem 0xd0000000-0xdfffffff,0xfe8f0000-0xfe8fffff,0xfe700000-0xfe7fffff irq 18 at device 5.0 on pci1
pcib2: <ACPI PCI-PCI bridge> irq 18 at device 6.0 on pci0
pci2: <ACPI PCI bus> on pcib2
bge0: <HP NC107i PCIe Gigabit Server Adapter, ASIC rev. 0x5784100> mem 0xfe9f0000-0xfe9fffff irq 18 at device 0.0 on pci2
bge0: CHIP ID 0x05784100; ASIC REV 0x5784; CHIP REV 0x57841; PCI-E
miibus0: <MII bus> on bge0
brgphy0: <BCM5784 10/100/1000baseTX PHY> PHY 1 on miibus0
brgphy0:  10baseT, 10baseT-FDX, 100baseTX, 100baseTX-FDX, 1000baseT, 1000baseT-master, 1000baseT-FDX, 1000baseT-FDX-master, auto, auto-flow
bge0: Ethernet address: 3c:4a:92:74:4a:81
bge0: [FILTER]
ahci0: <ATI IXP700 AHCI SATA controller> port 0xd000-0xd007,0xc000-0xc003,0xb000-0xb007,0xa000-0xa003,0x9000-0x900f mem 0xfe6ffc00-0xfe6fffff irq 19 at device 17.0 on pci0
ahci0: [ITHREAD]
ahci0: AHCI v1.20 with 4 3Gbps ports, Port Multiplier supported
ahcich0: <AHCI channel> at channel 0 on ahci0
ahcich0: [ITHREAD]
ahcich1: <AHCI channel> at channel 1 on ahci0
ahcich1: [ITHREAD]
ahcich2: <AHCI channel> at channel 2 on ahci0
ahcich2: [ITHREAD]
ahcich3: <AHCI channel> at channel 3 on ahci0
ahcich3: [ITHREAD]
ohci0: <OHCI (generic) USB controller> mem 0xfe6fe000-0xfe6fefff irq 18 at device 18.0 on pci0
ohci0: [ITHREAD]
usbus0: <OHCI (generic) USB controller> on ohci0
ehci0: <EHCI (generic) USB 2.0 controller> mem 0xfe6ff800-0xfe6ff8ff irq 17 at device 18.2 on pci0
ehci0: [ITHREAD]
usbus1: EHCI version 1.0
usbus1: <EHCI (generic) USB 2.0 controller> on ehci0
ohci1: <OHCI (generic) USB controller> mem 0xfe6fd000-0xfe6fdfff irq 18 at device 19.0 on pci0
ohci1: [ITHREAD]
usbus2: <OHCI (generic) USB controller> on ohci1
ehci1: <EHCI (generic) USB 2.0 controller> mem 0xfe6ff400-0xfe6ff4ff irq 17 at device 19.2 on pci0
ehci1: [ITHREAD]
usbus3: EHCI version 1.0
usbus3: <EHCI (generic) USB 2.0 controller> on ehci1
pci0: <serial bus, SMBus> at device 20.0 (no driver attached)
atapci0: <ATI IXP700/800 UDMA133 controller> port 0x1f0-0x1f7,0x3f6,0x170-0x177,0x376,0xff00-0xff0f at device 20.1 on pci0
ata0: <ATA channel 0> on atapci0
ata0: [ITHREAD]
ata1: <ATA channel 1> on atapci0
ata1: [ITHREAD]
isab0: <PCI-ISA bridge> at device 20.3 on pci0
isa0: <ISA bus> on isab0
pcib3: <ACPI PCI-PCI bridge> at device 20.4 on pci0
pci3: <ACPI PCI bus> on pcib3
ohci2: <OHCI (generic) USB controller> mem 0xfe6fc000-0xfe6fcfff irq 18 at device 22.0 on pci0
ohci2: [ITHREAD]
usbus4: <OHCI (generic) USB controller> on ohci2
ehci2: <EHCI (generic) USB 2.0 controller> mem 0xfe6ff000-0xfe6ff0ff irq 17 at device 22.2 on pci0
ehci2: [ITHREAD]
usbus5: EHCI version 1.0
usbus5: <EHCI (generic) USB 2.0 controller> on ehci2
amdtemp0: <AMD K8 Thermal Sensors> on hostb4
acpi_button0: <Power Button> on acpi0
atrtc0: <AT realtime clock> port 0x70-0x71 irq 8 on acpi0
acpi_hpet1: <High Precision Event Timer> iomem 0xfed00000-0xfed003ff on acpi0
device_attach: acpi_hpet1 attach returned 12
atkbd: unable to set the command byte.
sc0: <System console> at flags 0x100 on isa0
sc0: VGA <16 virtual consoles, flags=0x300>
vga0: <Generic ISA VGA> at port 0x3c0-0x3df iomem 0xa0000-0xbffff on isa0
atkbdc0: <Keyboard controller (i8042)> at port 0x60,0x64 on isa0
atkbd0: <AT Keyboard> irq 1 on atkbdc0
kbd0 at atkbd0
atkbd0: [GIANT-LOCKED]
atkbd0: [ITHREAD]
psm0: unable to set the command byte.
ppc0: cannot reserve I/O port range
acpi_throttle0: <ACPI CPU Throttling> on cpu0
hwpstate0: <Cool`n'Quiet 2.0> on cpu0
fuse4bsd: version 0.3.9-pre1, FUSE ABI 7.8
Timecounters tick every 1.000 msec
usbus0: 12Mbps Full Speed USB v1.0
usbus1: 480Mbps High Speed USB v2.0
usbus2: 12Mbps Full Speed USB v1.0
usbus3: 480Mbps High Speed USB v2.0
usbus4: 12Mbps Full Speed USB v1.0
usbus5: 480Mbps High Speed USB v2.0
ugen0.1: <ATI> at usbus0
uhub0: <ATI OHCI root HUB, class 9/0, rev 1.00/1.00, addr 1> on usbus0
ugen1.1: <ATI> at usbus1
uhub1: <ATI EHCI root HUB, class 9/0, rev 2.00/1.00, addr 1> on usbus1
ugen2.1: <ATI> at usbus2
uhub2: <ATI OHCI root HUB, class 9/0, rev 1.00/1.00, addr 1> on usbus2
ugen3.1: <ATI> at usbus3
uhub3: <ATI EHCI root HUB, class 9/0, rev 2.00/1.00, addr 1> on usbus3
ugen4.1: <ATI> at usbus4
uhub4: <ATI OHCI root HUB, class 9/0, rev 1.00/1.00, addr 1> on usbus4
ugen5.1: <ATI> at usbus5
uhub5: <ATI EHCI root HUB, class 9/0, rev 2.00/1.00, addr 1> on usbus5
uhub4: 4 ports with 4 removable, self powered
uhub0: 5 ports with 5 removable, self powered
uhub2: 5 ports with 5 removable, self powered
uhub5: 4 ports with 4 removable, self powered
uhub1: 5 ports with 5 removable, self powered
uhub3: 5 ports with 5 removable, self powered
ugen3.2: <Generic> at usbus3
umass0: <Generic Mass Storage Device, class 0/0, rev 2.00/2.00, addr 2> on usbus3
ada0 at ahcich0 bus 0 scbus0 target 0 lun 0
ada0: <WDC WD20EARS-00MVWB0 51.0AB51> ATA-8 SATA 2.x device
ada0: 300.000MB/s transfers (SATA 2.x, UDMA6, PIO 8192bytes)
ada0: Command Queueing enabled
ada0: 1907729MB (3907029168 512 byte sectors: 16H 63S/T 16383C)
ada1 at ahcich1 bus 0 scbus1 target 0 lun 0
ada1: <WDC WD20EARS-00MVWB0 51.0AB51> ATA-8 SATA 2.x device
ada1: 300.000MB/s transfers (SATA 2.x, UDMA6, PIO 8192bytes)
ada1: Command Queueing enabled
ada1: 1907729MB (3907029168 512 byte sectors: 16H 63S/T 16383C)
ada2 at ahcich2 bus 0 scbus2 target 0 lun 0
ada2: <WDC WD20EARS-00MVWB0 51.0AB51> ATA-8 SATA 2.x device
ada2: 300.000MB/s transfers (SATA 2.x, UDMA6, PIO 8192bytes)
ada2: Command Queueing enabled
ada2: 1907729MB (3907029168 512 byte sectors: 16H 63S/T 16383C)da0 at umass-sim0 bus 0 scbus6 target 0 lun 0
da0: <USB Mass Storage Device \\001\\000\\000?> Removable Direct Access SCSI-0 device 
da0: 40.000MB/s transfers
da0: 3759MB (7698432 512 byte sectors: 255H 63S/T 479C)

SMP: AP CPU #1 Launched!
GEOM: da0s1: geometry does not match label (16h,63s != 255h,63s).
Trying to mount root from ufs:/dev/ufs/FreeNASs1a
WARNING: /data was not properly dismounted
ZFS NOTICE: Prefetch is disabled by default if less than 4GB of RAM is present;
            to enable, add "vfs.zfs.prefetch_disable=0" to /boot/loader.conf.
ZFS filesystem version 4
ZFS storage pool version 15
bridge0: Ethernet address: 0e:2c:85:63:5d:62
epair0a: Ethernet address: 02:22:33:00:04:0a
epair0b: Ethernet address: 02:22:33:00:05:0b
epair0a: link state changed to UP
epair0b: link state changed to UP
epair0a: promiscuous mode enabled
bge0: promiscuous mode enabled