=>        34  3907029101  ada0  GPT  (1.8T)
          34          94        - free -  (47k)
         128     4194304     1  freebsd-swap  (2.0G)
     4194432  3902834703     2  freebsd-zfs  (1.8T)

=>        34  3907029101  ada1  GPT  (1.8T)
          34          94        - free -  (47k)
         128     4194304     1  freebsd-swap  (2.0G)
     4194432  3902834703     2  freebsd-zfs  (1.8T)

=>        34  3907029101  ada2  GPT  (1.8T)
          34          94        - free -  (47k)
         128     4194304     1  freebsd-swap  (2.0G)
     4194432  3902834703     2  freebsd-zfs  (1.8T)

=>     63  7698369  da0  MBR  (3.7G)
       63  1930257    1  freebsd  [active]  (942M)
  1930320       63       - free -  (31k)
  1930383  1930257    2  freebsd  (942M)
  3860640     3024    3  freebsd  (1.5M)
  3863664    41328    4  freebsd  (20M)
  3904992  3793440       - free -  (1.8G)

=>      0  1930257  da0s1  BSD  (942M)
        0       16         - free -  (8.0k)
       16  1930241      1  !0  (942M)